\BOOKMARK [0][-]{chapter.1}{\376\377\0001\000\040\000S\000t\000a\000r\000t\000\040\000H\000e\000r\000e\000\040}{}% 1
\BOOKMARK [1][-]{section.1.1}{\376\377\0001\000.\0001\000\040\000I\000n\000t\000r\000o\000d\000u\000c\000t\000i\000o\000n}{chapter.1}% 2
\BOOKMARK [2][-]{subsection.1.1.1}{\376\377\0001\000.\0001\000.\0001\000\040\000A\000b\000o\000u\000t\000\040\000t\000h\000i\000s\000\040\000G\000u\000i\000d\000e}{section.1.1}% 3
\BOOKMARK [2][-]{subsection.1.1.2}{\376\377\0001\000.\0001\000.\0002\000\040\000W\000h\000y\000\040\000U\000s\000e\000\040\000C\000V\000I\000?}{section.1.1}% 4
\BOOKMARK [1][-]{section.1.2}{\376\377\0001\000.\0002\000\040\000G\000e\000t\000t\000i\000n\000g\000\040\000S\000t\000a\000r\000t\000e\000d}{chapter.1}% 5
\BOOKMARK [2][-]{subsection.1.2.1}{\376\377\0001\000.\0002\000.\0001\000\040\000O\000p\000e\000n\000\040\000C\000V\000I}{section.1.2}% 6
\BOOKMARK [2][-]{subsection.1.2.2}{\376\377\0001\000.\0002\000.\0002\000\040\000F\000a\000m\000i\000l\000i\000a\000r\000i\000z\000e\000\040\000Y\000o\000u\000r\000s\000e\000l\000f}{section.1.2}% 7
\BOOKMARK [0][-]{chapter.2}{\376\377\0002\000\040\000C\000o\000n\000f\000i\000g\000u\000r\000a\000t\000i\000o\000n\000\040\000\046\000\040\000O\000p\000t\000i\000o\000n\000s\000\040}{}% 8
\BOOKMARK [1][-]{section.2.1}{\376\377\0002\000.\0001\000\040\000B\000u\000i\000l\000d\000\040\000S\000e\000t\000t\000i\000n\000g\000s}{chapter.2}% 9
\BOOKMARK [2][-]{subsection.2.1.1}{\376\377\0002\000.\0001\000.\0001\000\040\000B\000u\000i\000l\000d\000\040\000C\000o\000n\000f\000i\000g\000u\000r\000a\000t\000i\000o\000n\000s}{section.2.1}% 10
\BOOKMARK [2][-]{subsection.2.1.2}{\376\377\0002\000.\0001\000.\0002\000\040\000B\000u\000i\000l\000d\000\040\000T\000a\000r\000g\000e\000t\000\040\000T\000y\000p\000e}{section.2.1}% 11
\BOOKMARK [2][-]{subsection.2.1.3}{\376\377\0002\000.\0001\000.\0003\000\040\000B\000u\000i\000l\000d\000\040\000T\000a\000r\000g\000e\000t\000\040\000S\000e\000t\000t\000i\000n\000g\000s}{section.2.1}% 12
\BOOKMARK [1][-]{section.2.2}{\376\377\0002\000.\0002\000\040\000E\000n\000v\000i\000r\000o\000n\000m\000e\000n\000t}{chapter.2}% 13
\BOOKMARK [2][-]{subsection.2.2.1}{\376\377\0002\000.\0002\000.\0001\000\040\000I\000n\000c\000l\000u\000d\000e\000P\000a\000t\000h\000s}{section.2.2}% 14
\BOOKMARK [1][-]{section.2.3}{\376\377\0002\000.\0003\000\040\000E\000d\000i\000t\000o\000r\000\040\000P\000r\000e\000f\000e\000r\000e\000n\000c\000e\000s}{chapter.2}% 15
\BOOKMARK [0][-]{chapter.3}{\376\377\0003\000\040\000R\000u\000n\000n\000i\000n\000g\000\040\000a\000\040\000C\000V\000I\000\040\000P\000r\000o\000j\000e\000c\000t\000\040}{}% 16
\BOOKMARK [1][-]{section.3.1}{\376\377\0003\000.\0001\000\040\000R\000u\000n\000n\000i\000n\000g\000\040\000a\000\040\000C\000V\000I\000\040\000P\000r\000o\000j\000e\000c\000t}{chapter.3}% 17
\BOOKMARK [2][-]{subsection.3.1.1}{\376\377\0003\000.\0001\000.\0001\000\040\000B\000u\000i\000l\000d\000i\000n\000g\000\040\000a\000\040\000P\000r\000o\000j\000e\000c\000t}{section.3.1}% 18
\BOOKMARK [2][-]{subsection.3.1.2}{\376\377\0003\000.\0001\000.\0002\000\040\000R\000u\000n\000\040\000O\000p\000t\000i\000o\000n\000s}{section.3.1}% 19
\BOOKMARK [1][-]{section.3.2}{\376\377\0003\000.\0002\000\040\000D\000e\000b\000u\000g\000g\000i\000n\000g}{chapter.3}% 20
\BOOKMARK [2][-]{subsection.3.2.1}{\376\377\0003\000.\0002\000.\0001\000\040\000B\000r\000e\000a\000k\000p\000o\000i\000n\000t\000s\000\040\000\046\000\040\000W\000a\000t\000c\000h\000\040\000E\000x\000p\000r\000e\000s\000s\000i\000o\000n\000s}{section.3.2}% 21
\BOOKMARK [2][-]{subsection.3.2.2}{\376\377\0003\000.\0002\000.\0002\000\040\000S\000t\000e\000p\000\040\000C\000o\000m\000m\000a\000n\000d\000s}{section.3.2}% 22
\BOOKMARK [2][-]{subsection.3.2.3}{\376\377\0003\000.\0002\000.\0003\000\040\000D\000e\000b\000u\000g\000\040\000W\000i\000n\000d\000o\000w\000s}{section.3.2}% 23
\BOOKMARK [2][-]{subsection.3.2.4}{\376\377\0003\000.\0002\000.\0004\000\040\000A\000t\000t\000a\000c\000h\000\040\000t\000o\000\040\000P\000r\000o\000c\000e\000s\000s}{section.3.2}% 24
\BOOKMARK [0][-]{chapter.4}{\376\377\0004\000\040\000G\000U\000I\000\040\000D\000e\000v\000e\000l\000o\000p\000m\000e\000n\000t\000\040}{}% 25
\BOOKMARK [1][-]{section.4.1}{\376\377\0004\000.\0001\000\040\000G\000e\000t\000t\000i\000n\000g\000\040\000S\000t\000a\000r\000t\000e\000d}{chapter.4}% 26
\BOOKMARK [1][-]{section.4.2}{\376\377\0004\000.\0002\000\040\000W\000o\000r\000k\000i\000n\000g\000\040\000w\000i\000t\000h\000\040\000t\000h\000e\000\040\000G\000U\000I\000\040\000E\000d\000i\000t\000o\000r}{chapter.4}% 27
\BOOKMARK [2][-]{subsection.4.2.1}{\376\377\0004\000.\0002\000.\0001\000\040\000G\000U\000I\000\040\000E\000d\000i\000t\000o\000r\000\040\000L\000a\000y\000o\000u\000t}{section.4.2}% 28
\BOOKMARK [2][-]{subsection.4.2.2}{\376\377\0004\000.\0002\000.\0002\000\040\000E\000d\000i\000t\000i\000n\000g\000\040\000G\000U\000I\000\040\000E\000l\000e\000m\000e\000n\000t\000s}{section.4.2}% 29
\BOOKMARK [0][-]{chapter.5}{\376\377\0005\000\040\000T\000i\000p\000s\000\040\000\046\000\040\000T\000r\000i\000c\000k\000s\000\040}{}% 30
\BOOKMARK [1][-]{section.5.1}{\376\377\0005\000.\0001\000\040\000G\000e\000n\000e\000r\000a\000l\000\040\000T\000i\000p\000s\000\040\000\046\000\040\000T\000r\000i\000c\000k\000s}{chapter.5}% 31
\BOOKMARK [1][-]{section.5.2}{\376\377\0005\000.\0002\000\040\000H\000o\000t\000k\000e\000y\000s}{chapter.5}% 32
\BOOKMARK [0][-]{chapter.6}{\376\377\0006\000\040\000C\000h\000a\000n\000g\000e\000\040\000L\000o\000g\000\040}{}% 33
\BOOKMARK [0][-]{section*.10}{\376\377\000I\000n\000d\000e\000x}{}% 34
